// Jest Snapshot v1, https://goo.gl/fbAQLP

exports[`<ChannelUserList/> should render without throwing exception 1`] = `
<ul
  className="list-unstyled"
  style={
    Object {
      "overflowY": "auto",
    }
  }
>
  <li
    className="d-lg-none navbar border-bottom"
  >
    <div
      className="float-right"
    >
      <Button
        color="secondary"
        onClick={[Function]}
        outline={true}
        tag="button"
      >
        <i
          className="fas fa-times"
        />
      </Button>
    </div>
  </li>
</ul>
`;
